mode: atomic
github.com/meetmorrowsolonmars/education-pet-project/cmd/server/main.go:9.13,10.40 1 0
github.com/meetmorrowsolonmars/education-pet-project/cmd/server/main.go:10.40,12.3 1 0
github.com/meetmorrowsolonmars/education-pet-project/internal/api/request.go:12.55,15.2 2 0
github.com/meetmorrowsolonmars/education-pet-project/internal/api/request.go:17.80,19.13 2 0
github.com/meetmorrowsolonmars/education-pet-project/internal/api/request.go:19.13,20.15 1 0
github.com/meetmorrowsolonmars/education-pet-project/internal/api/request.go:20.15,22.4 1 0
github.com/meetmorrowsolonmars/education-pet-project/internal/api/request.go:24.3,24.16 1 0
github.com/meetmorrowsolonmars/education-pet-project/internal/api/request.go:27.2,28.16 2 0
github.com/meetmorrowsolonmars/education-pet-project/internal/api/request.go:28.16,30.3 1 0
github.com/meetmorrowsolonmars/education-pet-project/internal/api/request.go:32.2,32.20 1 0
github.com/meetmorrowsolonmars/education-pet-project/internal/api/request.go:35.83,37.13 2 0
github.com/meetmorrowsolonmars/education-pet-project/internal/api/request.go:37.13,38.15 1 0
github.com/meetmorrowsolonmars/education-pet-project/internal/api/request.go:38.15,40.4 1 0
github.com/meetmorrowsolonmars/education-pet-project/internal/api/request.go:42.3,42.23 1 0
github.com/meetmorrowsolonmars/education-pet-project/internal/api/request.go:45.2,46.16 2 0
github.com/meetmorrowsolonmars/education-pet-project/internal/api/request.go:46.16,48.3 1 0
github.com/meetmorrowsolonmars/education-pet-project/internal/api/request.go:50.2,50.19 1 0
github.com/meetmorrowsolonmars/education-pet-project/internal/api/request.go:53.81,55.13 2 0
github.com/meetmorrowsolonmars/education-pet-project/internal/api/request.go:55.13,56.15 1 0
github.com/meetmorrowsolonmars/education-pet-project/internal/api/request.go:56.15,58.4 1 0
github.com/meetmorrowsolonmars/education-pet-project/internal/api/request.go:60.3,60.16 1 0
github.com/meetmorrowsolonmars/education-pet-project/internal/api/request.go:63.2,64.16 2 0
github.com/meetmorrowsolonmars/education-pet-project/internal/api/request.go:64.16,66.3 1 0
github.com/meetmorrowsolonmars/education-pet-project/internal/api/request.go:68.2,68.20 1 0
github.com/meetmorrowsolonmars/education-pet-project/internal/api/response.go:9.77,16.2 3 0
github.com/meetmorrowsolonmars/education-pet-project/internal/api/response.go:22.72,27.2 3 0
github.com/meetmorrowsolonmars/education-pet-project/internal/api/middleware/auth.go:26.64,30.2 1 0
github.com/meetmorrowsolonmars/education-pet-project/internal/api/middleware/auth.go:32.77,33.54 1 4
github.com/meetmorrowsolonmars/education-pet-project/internal/api/middleware/auth.go:33.54,35.26 2 4
github.com/meetmorrowsolonmars/education-pet-project/internal/api/middleware/auth.go:35.26,39.5 2 1
github.com/meetmorrowsolonmars/education-pet-project/internal/api/middleware/auth.go:41.4,42.47 2 3
github.com/meetmorrowsolonmars/education-pet-project/internal/api/middleware/auth.go:42.47,46.5 2 1
github.com/meetmorrowsolonmars/education-pet-project/internal/api/middleware/auth.go:48.4,51.17 3 2
github.com/meetmorrowsolonmars/education-pet-project/internal/api/middleware/auth.go:51.17,55.5 2 1
github.com/meetmorrowsolonmars/education-pet-project/internal/api/middleware/auth.go:59.3,62.26 3 1
github.com/meetmorrowsolonmars/education-pet-project/internal/metric/metric.go:15.67,17.2 1 0
github.com/meetmorrowsolonmars/education-pet-project/internal/metric/metric.go:19.50,26.2 3 0
github.com/meetmorrowsolonmars/education-pet-project/internal/app/config.go:18.35,19.44 1 0
github.com/meetmorrowsolonmars/education-pet-project/internal/app/config.go:19.44,21.3 1 0
github.com/meetmorrowsolonmars/education-pet-project/internal/app/config.go:23.2,23.49 1 0
github.com/meetmorrowsolonmars/education-pet-project/internal/app/config.go:23.49,25.3 1 0
github.com/meetmorrowsolonmars/education-pet-project/internal/app/config.go:27.2,27.41 1 0
github.com/meetmorrowsolonmars/education-pet-project/internal/app/config.go:27.41,29.3 1 0
github.com/meetmorrowsolonmars/education-pet-project/internal/app/config.go:31.2,31.46 1 0
github.com/meetmorrowsolonmars/education-pet-project/internal/app/config.go:31.46,33.3 1 0
github.com/meetmorrowsolonmars/education-pet-project/internal/app/config.go:35.2,35.12 1 0
github.com/meetmorrowsolonmars/education-pet-project/internal/app/config.go:42.41,43.21 1 0
github.com/meetmorrowsolonmars/education-pet-project/internal/app/config.go:43.21,45.3 1 0
github.com/meetmorrowsolonmars/education-pet-project/internal/app/config.go:47.2,47.12 1 0
github.com/meetmorrowsolonmars/education-pet-project/internal/app/config.go:56.38,57.23 1 0
github.com/meetmorrowsolonmars/education-pet-project/internal/app/config.go:57.23,59.3 1 0
github.com/meetmorrowsolonmars/education-pet-project/internal/app/config.go:61.2,61.20 1 0
github.com/meetmorrowsolonmars/education-pet-project/internal/app/config.go:61.20,63.3 1 0
github.com/meetmorrowsolonmars/education-pet-project/internal/app/config.go:65.2,65.32 1 0
github.com/meetmorrowsolonmars/education-pet-project/internal/app/config.go:65.32,67.3 1 0
github.com/meetmorrowsolonmars/education-pet-project/internal/app/config.go:69.2,69.12 1 0
github.com/meetmorrowsolonmars/education-pet-project/internal/app/config.go:76.43,77.30 1 0
github.com/meetmorrowsolonmars/education-pet-project/internal/app/config.go:77.30,79.3 1 0
github.com/meetmorrowsolonmars/education-pet-project/internal/app/config.go:81.2,81.12 1 0
github.com/meetmorrowsolonmars/education-pet-project/internal/app/config.go:84.46,86.16 2 0
github.com/meetmorrowsolonmars/education-pet-project/internal/app/config.go:86.16,88.3 1 0
github.com/meetmorrowsolonmars/education-pet-project/internal/app/config.go:90.2,94.61 3 0
github.com/meetmorrowsolonmars/education-pet-project/internal/app/config.go:94.61,96.3 1 0
github.com/meetmorrowsolonmars/education-pet-project/internal/app/config.go:98.2,98.41 1 0
github.com/meetmorrowsolonmars/education-pet-project/internal/app/config.go:98.41,100.3 1 0
github.com/meetmorrowsolonmars/education-pet-project/internal/app/config.go:102.2,102.20 1 0
github.com/meetmorrowsolonmars/education-pet-project/internal/app/server.go:39.24,51.22 4 0
github.com/meetmorrowsolonmars/education-pet-project/internal/app/server.go:51.22,54.3 2 0
github.com/meetmorrowsolonmars/education-pet-project/internal/app/server.go:56.2,57.16 2 0
github.com/meetmorrowsolonmars/education-pet-project/internal/app/server.go:57.16,60.3 2 0
github.com/meetmorrowsolonmars/education-pet-project/internal/app/server.go:63.2,64.16 2 0
github.com/meetmorrowsolonmars/education-pet-project/internal/app/server.go:64.16,67.3 2 0
github.com/meetmorrowsolonmars/education-pet-project/internal/app/server.go:70.2,71.16 2 0
github.com/meetmorrowsolonmars/education-pet-project/internal/app/server.go:71.16,74.3 2 0
github.com/meetmorrowsolonmars/education-pet-project/internal/app/server.go:78.2,87.16 4 0
github.com/meetmorrowsolonmars/education-pet-project/internal/app/server.go:87.16,90.3 2 0
github.com/meetmorrowsolonmars/education-pet-project/internal/app/server.go:92.2,187.12 43 0
github.com/meetmorrowsolonmars/education-pet-project/internal/app/server.go:187.12,190.94 2 0
github.com/meetmorrowsolonmars/education-pet-project/internal/app/server.go:190.94,193.4 2 0
github.com/meetmorrowsolonmars/education-pet-project/internal/app/server.go:196.2,196.12 1 0
github.com/meetmorrowsolonmars/education-pet-project/internal/app/server.go:196.12,199.95 2 0
github.com/meetmorrowsolonmars/education-pet-project/internal/app/server.go:199.95,202.4 2 0
github.com/meetmorrowsolonmars/education-pet-project/internal/app/server.go:205.2,205.9 1 0
github.com/meetmorrowsolonmars/education-pet-project/internal/app/server.go:206.20,206.20 0 0
github.com/meetmorrowsolonmars/education-pet-project/internal/app/server.go:209.2,219.12 7 0
github.com/meetmorrowsolonmars/education-pet-project/internal/domain/model/auth.go:16.77,18.2 1 0
github.com/meetmorrowsolonmars/education-pet-project/internal/domain/model/auth.go:20.62,23.2 2 0
github.com/meetmorrowsolonmars/education-pet-project/internal/domain/model/user.go:17.37,19.16 2 0
github.com/meetmorrowsolonmars/education-pet-project/internal/domain/model/user.go:19.16,21.3 1 0
github.com/meetmorrowsolonmars/education-pet-project/internal/domain/model/user.go:23.2,25.12 2 0
github.com/meetmorrowsolonmars/education-pet-project/internal/domain/model/user.go:28.52,31.2 2 0
github.com/meetmorrowsolonmars/education-pet-project/internal/provider/jwt/provider.go:29.13,34.41 1 0
github.com/meetmorrowsolonmars/education-pet-project/internal/provider/jwt/provider.go:34.41,34.68 1 0
github.com/meetmorrowsolonmars/education-pet-project/internal/provider/jwt/provider.go:38.62,60.2 5 0
github.com/meetmorrowsolonmars/education-pet-project/internal/provider/jwt/provider.go:62.75,65.102 2 0
github.com/meetmorrowsolonmars/education-pet-project/internal/provider/jwt/provider.go:65.102,66.57 1 0
github.com/meetmorrowsolonmars/education-pet-project/internal/provider/jwt/provider.go:66.57,68.4 1 0
github.com/meetmorrowsolonmars/education-pet-project/internal/provider/jwt/provider.go:70.3,70.37 1 0
github.com/meetmorrowsolonmars/education-pet-project/internal/provider/jwt/provider.go:72.2,72.16 1 0
github.com/meetmorrowsolonmars/education-pet-project/internal/provider/jwt/provider.go:72.16,74.3 1 0
github.com/meetmorrowsolonmars/education-pet-project/internal/provider/jwt/provider.go:76.2,76.18 1 0
github.com/meetmorrowsolonmars/education-pet-project/internal/provider/jwt/provider.go:76.18,78.3 1 0
github.com/meetmorrowsolonmars/education-pet-project/internal/provider/jwt/provider.go:80.2,80.31 1 0
github.com/meetmorrowsolonmars/education-pet-project/internal/provider/memory/account_store.go:21.38,26.30 2 0
github.com/meetmorrowsolonmars/education-pet-project/internal/provider/memory/account_store.go:26.30,26.57 1 0
github.com/meetmorrowsolonmars/education-pet-project/internal/provider/memory/account_store.go:29.2,31.14 2 0
github.com/meetmorrowsolonmars/education-pet-project/internal/provider/memory/account_store.go:34.98,35.9 1 0
github.com/meetmorrowsolonmars/education-pet-project/internal/provider/memory/account_store.go:36.20,37.36 1 0
github.com/meetmorrowsolonmars/education-pet-project/internal/provider/memory/account_store.go:38.10,38.10 0 0
github.com/meetmorrowsolonmars/education-pet-project/internal/provider/memory/account_store.go:41.2,51.21 7 0
github.com/meetmorrowsolonmars/education-pet-project/internal/provider/memory/account_store.go:54.96,62.2 2 0
github.com/meetmorrowsolonmars/education-pet-project/internal/provider/memory/account_store.go:64.86,65.9 1 0
github.com/meetmorrowsolonmars/education-pet-project/internal/provider/memory/account_store.go:66.20,67.36 1 0
github.com/meetmorrowsolonmars/education-pet-project/internal/provider/memory/account_store.go:68.10,68.10 0 0
github.com/meetmorrowsolonmars/education-pet-project/internal/provider/memory/account_store.go:71.2,75.9 4 0
github.com/meetmorrowsolonmars/education-pet-project/internal/provider/memory/account_store.go:75.9,77.3 1 0
github.com/meetmorrowsolonmars/education-pet-project/internal/provider/memory/account_store.go:79.2,79.21 1 0
github.com/meetmorrowsolonmars/education-pet-project/internal/provider/memory/account_store.go:82.104,83.9 1 0
github.com/meetmorrowsolonmars/education-pet-project/internal/provider/memory/account_store.go:84.20,85.24 1 0
github.com/meetmorrowsolonmars/education-pet-project/internal/provider/memory/account_store.go:86.10,86.10 0 0
github.com/meetmorrowsolonmars/education-pet-project/internal/provider/memory/account_store.go:89.2,94.37 4 0
github.com/meetmorrowsolonmars/education-pet-project/internal/provider/memory/account_store.go:94.37,95.31 1 0
github.com/meetmorrowsolonmars/education-pet-project/internal/provider/memory/account_store.go:95.31,97.4 1 0
github.com/meetmorrowsolonmars/education-pet-project/internal/provider/memory/account_store.go:100.2,100.22 1 0
github.com/meetmorrowsolonmars/education-pet-project/internal/provider/memory/account_store.go:103.39,105.2 1 0
github.com/meetmorrowsolonmars/education-pet-project/internal/provider/memory/operation_store.go:24.42,29.41 2 0
github.com/meetmorrowsolonmars/education-pet-project/internal/provider/memory/operation_store.go:29.41,29.64 1 0
github.com/meetmorrowsolonmars/education-pet-project/internal/provider/memory/operation_store.go:30.32,30.59 1 0
github.com/meetmorrowsolonmars/education-pet-project/internal/provider/memory/operation_store.go:34.106,35.9 1 0
github.com/meetmorrowsolonmars/education-pet-project/internal/provider/memory/operation_store.go:36.20,37.38 1 0
github.com/meetmorrowsolonmars/education-pet-project/internal/provider/memory/operation_store.go:38.10,38.10 0 0
github.com/meetmorrowsolonmars/education-pet-project/internal/provider/memory/operation_store.go:41.2,42.16 2 0
github.com/meetmorrowsolonmars/education-pet-project/internal/provider/memory/operation_store.go:42.16,44.3 1 0
github.com/meetmorrowsolonmars/education-pet-project/internal/provider/memory/operation_store.go:46.2,54.23 6 0
github.com/meetmorrowsolonmars/education-pet-project/internal/provider/memory/operation_store.go:62.30,63.9 1 0
github.com/meetmorrowsolonmars/education-pet-project/internal/provider/memory/operation_store.go:64.20,65.24 1 0
github.com/meetmorrowsolonmars/education-pet-project/internal/provider/memory/operation_store.go:66.10,66.10 0 0
github.com/meetmorrowsolonmars/education-pet-project/internal/provider/memory/operation_store.go:69.2,73.41 3 0
github.com/meetmorrowsolonmars/education-pet-project/internal/provider/memory/operation_store.go:73.41,74.39 1 0
github.com/meetmorrowsolonmars/education-pet-project/internal/provider/memory/operation_store.go:74.39,76.4 1 0
github.com/meetmorrowsolonmars/education-pet-project/internal/provider/memory/operation_store.go:79.2,81.45 2 0
github.com/meetmorrowsolonmars/education-pet-project/internal/provider/memory/operation_store.go:81.45,83.3 1 0
github.com/meetmorrowsolonmars/education-pet-project/internal/provider/memory/operation_store.go:85.2,85.26 1 0
github.com/meetmorrowsolonmars/education-pet-project/internal/provider/memory/operation_store.go:85.26,87.3 1 0
github.com/meetmorrowsolonmars/education-pet-project/internal/provider/memory/operation_store.go:89.2,89.38 1 0
github.com/meetmorrowsolonmars/education-pet-project/internal/provider/memory/operation_store.go:89.38,91.3 1 0
github.com/meetmorrowsolonmars/education-pet-project/internal/provider/memory/operation_store.go:93.2,94.34 2 0
github.com/meetmorrowsolonmars/education-pet-project/internal/provider/memory/operation_store.go:94.34,96.3 1 0
github.com/meetmorrowsolonmars/education-pet-project/internal/provider/memory/operation_store.go:98.2,98.36 1 0
github.com/meetmorrowsolonmars/education-pet-project/internal/provider/memory/user_store.go:22.32,28.28 2 0
github.com/meetmorrowsolonmars/education-pet-project/internal/provider/memory/user_store.go:28.28,28.55 1 0
github.com/meetmorrowsolonmars/education-pet-project/internal/provider/memory/user_store.go:31.2,33.14 2 0
github.com/meetmorrowsolonmars/education-pet-project/internal/provider/memory/user_store.go:36.86,37.9 1 0
github.com/meetmorrowsolonmars/education-pet-project/internal/provider/memory/user_store.go:38.20,39.33 1 0
github.com/meetmorrowsolonmars/education-pet-project/internal/provider/memory/user_store.go:40.10,40.10 0 0
github.com/meetmorrowsolonmars/education-pet-project/internal/provider/memory/user_store.go:43.2,43.68 1 0
github.com/meetmorrowsolonmars/education-pet-project/internal/provider/memory/user_store.go:43.68,45.3 1 0
github.com/meetmorrowsolonmars/education-pet-project/internal/provider/memory/user_store.go:47.2,55.57 6 0
github.com/meetmorrowsolonmars/education-pet-project/internal/provider/memory/user_store.go:55.57,57.3 1 0
github.com/meetmorrowsolonmars/education-pet-project/internal/provider/memory/user_store.go:59.2,62.18 3 0
github.com/meetmorrowsolonmars/education-pet-project/internal/provider/memory/user_store.go:65.80,66.9 1 0
github.com/meetmorrowsolonmars/education-pet-project/internal/provider/memory/user_store.go:67.20,68.33 1 0
github.com/meetmorrowsolonmars/education-pet-project/internal/provider/memory/user_store.go:69.10,69.10 0 0
github.com/meetmorrowsolonmars/education-pet-project/internal/provider/memory/user_store.go:72.2,76.9 4 0
github.com/meetmorrowsolonmars/education-pet-project/internal/provider/memory/user_store.go:76.9,78.3 1 0
github.com/meetmorrowsolonmars/education-pet-project/internal/provider/memory/user_store.go:80.2,80.18 1 0
github.com/meetmorrowsolonmars/education-pet-project/internal/provider/memory/user_store.go:83.87,84.9 1 0
github.com/meetmorrowsolonmars/education-pet-project/internal/provider/memory/user_store.go:85.20,86.33 1 0
github.com/meetmorrowsolonmars/education-pet-project/internal/provider/memory/user_store.go:87.10,87.10 0 0
github.com/meetmorrowsolonmars/education-pet-project/internal/provider/memory/user_store.go:90.2,94.9 4 0
github.com/meetmorrowsolonmars/education-pet-project/internal/provider/memory/user_store.go:94.9,96.3 1 0
github.com/meetmorrowsolonmars/education-pet-project/internal/provider/memory/user_store.go:98.2,98.25 1 0
github.com/meetmorrowsolonmars/education-pet-project/internal/provider/memory/user_store.go:101.36,103.2 1 0
github.com/meetmorrowsolonmars/education-pet-project/internal/provider/memory/user_store.go:105.75,106.19 1 0
github.com/meetmorrowsolonmars/education-pet-project/internal/provider/memory/user_store.go:106.19,109.3 2 0
github.com/meetmorrowsolonmars/education-pet-project/internal/provider/memory/user_store.go:111.2,111.34 1 0
github.com/meetmorrowsolonmars/education-pet-project/internal/provider/memory/user_store.go:111.34,113.3 1 0
github.com/meetmorrowsolonmars/education-pet-project/internal/provider/memory/user_store.go:115.2,115.12 1 0
github.com/meetmorrowsolonmars/education-pet-project/internal/api/v1/account/create.go:19.66,23.16 3 3
github.com/meetmorrowsolonmars/education-pet-project/internal/api/v1/account/create.go:23.16,29.3 3 1
github.com/meetmorrowsolonmars/education-pet-project/internal/api/v1/account/create.go:31.2,35.16 2 2
github.com/meetmorrowsolonmars/education-pet-project/internal/api/v1/account/create.go:35.16,41.3 3 1
github.com/meetmorrowsolonmars/education-pet-project/internal/api/v1/account/create.go:43.2,45.4 1 1
github.com/meetmorrowsolonmars/education-pet-project/internal/api/v1/account/get_by_id.go:16.67,20.16 3 4
github.com/meetmorrowsolonmars/education-pet-project/internal/api/v1/account/get_by_id.go:20.16,26.3 3 1
github.com/meetmorrowsolonmars/education-pet-project/internal/api/v1/account/get_by_id.go:28.2,29.39 2 3
github.com/meetmorrowsolonmars/education-pet-project/internal/api/v1/account/get_by_id.go:29.39,35.3 3 1
github.com/meetmorrowsolonmars/education-pet-project/internal/api/v1/account/get_by_id.go:36.2,36.16 1 2
github.com/meetmorrowsolonmars/education-pet-project/internal/api/v1/account/get_by_id.go:36.16,42.3 3 1
github.com/meetmorrowsolonmars/education-pet-project/internal/api/v1/account/get_by_id.go:44.2,52.4 1 1
github.com/meetmorrowsolonmars/education-pet-project/internal/api/v1/account/get_user_accounts.go:15.75,19.16 3 2
github.com/meetmorrowsolonmars/education-pet-project/internal/api/v1/account/get_user_accounts.go:19.16,25.3 3 1
github.com/meetmorrowsolonmars/education-pet-project/internal/api/v1/account/get_user_accounts.go:27.2,31.35 2 1
github.com/meetmorrowsolonmars/education-pet-project/internal/api/v1/account/get_user_accounts.go:31.35,39.3 1 2
github.com/meetmorrowsolonmars/education-pet-project/internal/api/v1/account/get_user_accounts.go:41.2,41.47 1 1
github.com/meetmorrowsolonmars/education-pet-project/internal/api/v1/account/handler.go:17.78,22.2 1 0
github.com/meetmorrowsolonmars/education-pet-project/internal/api/v1/account/handler.go:28.3,38.2 3 0
github.com/meetmorrowsolonmars/education-pet-project/internal/api/v1/auth/handler.go:20.12,25.2 1 0
github.com/meetmorrowsolonmars/education-pet-project/internal/api/v1/auth/handler.go:31.3,33.2 1 0
github.com/meetmorrowsolonmars/education-pet-project/internal/api/v1/auth/login.go:21.65,23.16 2 4
github.com/meetmorrowsolonmars/education-pet-project/internal/api/v1/auth/login.go:23.16,29.3 3 1
github.com/meetmorrowsolonmars/education-pet-project/internal/api/v1/auth/login.go:31.2,32.44 2 3
github.com/meetmorrowsolonmars/education-pet-project/internal/api/v1/auth/login.go:32.44,41.3 3 1
github.com/meetmorrowsolonmars/education-pet-project/internal/api/v1/auth/login.go:42.2,42.16 1 2
github.com/meetmorrowsolonmars/education-pet-project/internal/api/v1/auth/login.go:42.16,48.3 3 1
github.com/meetmorrowsolonmars/education-pet-project/internal/api/v1/auth/login.go:50.2,52.4 1 1
github.com/meetmorrowsolonmars/education-pet-project/internal/api/v1/operation/create.go:25.66,29.16 3 3
github.com/meetmorrowsolonmars/education-pet-project/internal/api/v1/operation/create.go:29.16,35.3 3 1
github.com/meetmorrowsolonmars/education-pet-project/internal/api/v1/operation/create.go:38.2,46.16 2 2
github.com/meetmorrowsolonmars/education-pet-project/internal/api/v1/operation/create.go:46.16,52.3 3 1
github.com/meetmorrowsolonmars/education-pet-project/internal/api/v1/operation/create.go:54.2,56.4 1 1
github.com/meetmorrowsolonmars/education-pet-project/internal/api/v1/operation/delete.go:10.66,14.16 3 0
github.com/meetmorrowsolonmars/education-pet-project/internal/api/v1/operation/delete.go:14.16,20.3 3 0
github.com/meetmorrowsolonmars/education-pet-project/internal/api/v1/operation/delete.go:22.2,24.16 2 0
github.com/meetmorrowsolonmars/education-pet-project/internal/api/v1/operation/delete.go:24.16,30.3 3 0
github.com/meetmorrowsolonmars/education-pet-project/internal/api/v1/operation/delete.go:32.2,32.37 1 0
github.com/meetmorrowsolonmars/education-pet-project/internal/api/v1/operation/get_account_operations.go:14.80,24.16 3 5
github.com/meetmorrowsolonmars/education-pet-project/internal/api/v1/operation/get_account_operations.go:24.16,30.3 3 1
github.com/meetmorrowsolonmars/education-pet-project/internal/api/v1/operation/get_account_operations.go:32.2,33.16 2 4
github.com/meetmorrowsolonmars/education-pet-project/internal/api/v1/operation/get_account_operations.go:33.16,39.3 3 1
github.com/meetmorrowsolonmars/education-pet-project/internal/api/v1/operation/get_account_operations.go:41.2,41.16 1 3
github.com/meetmorrowsolonmars/education-pet-project/internal/api/v1/operation/get_account_operations.go:41.16,43.3 1 3
github.com/meetmorrowsolonmars/education-pet-project/internal/api/v1/operation/get_account_operations.go:45.2,45.17 1 3
github.com/meetmorrowsolonmars/education-pet-project/internal/api/v1/operation/get_account_operations.go:45.17,47.3 1 3
github.com/meetmorrowsolonmars/education-pet-project/internal/api/v1/operation/get_account_operations.go:49.2,50.16 2 3
github.com/meetmorrowsolonmars/education-pet-project/internal/api/v1/operation/get_account_operations.go:50.16,56.3 3 1
github.com/meetmorrowsolonmars/education-pet-project/internal/api/v1/operation/get_account_operations.go:58.2,59.16 2 2
github.com/meetmorrowsolonmars/education-pet-project/internal/api/v1/operation/get_account_operations.go:59.16,65.3 3 1
github.com/meetmorrowsolonmars/education-pet-project/internal/api/v1/operation/get_account_operations.go:67.2,71.39 2 1
github.com/meetmorrowsolonmars/education-pet-project/internal/api/v1/operation/get_account_operations.go:71.39,81.3 1 2
github.com/meetmorrowsolonmars/education-pet-project/internal/api/v1/operation/get_account_operations.go:83.2,83.47 1 1
github.com/meetmorrowsolonmars/education-pet-project/internal/api/v1/operation/handler.go:20.12,25.2 1 0
github.com/meetmorrowsolonmars/education-pet-project/internal/api/v1/operation/handler.go:31.3,47.2 4 0
github.com/meetmorrowsolonmars/education-pet-project/internal/api/v1/operation/update.go:17.66,21.16 3 0
github.com/meetmorrowsolonmars/education-pet-project/internal/api/v1/operation/update.go:21.16,27.3 3 0
github.com/meetmorrowsolonmars/education-pet-project/internal/api/v1/operation/update.go:29.2,30.16 2 0
github.com/meetmorrowsolonmars/education-pet-project/internal/api/v1/operation/update.go:30.16,36.3 3 0
github.com/meetmorrowsolonmars/education-pet-project/internal/api/v1/operation/update.go:38.2,40.16 2 0
github.com/meetmorrowsolonmars/education-pet-project/internal/api/v1/operation/update.go:40.16,46.3 3 0
github.com/meetmorrowsolonmars/education-pet-project/internal/api/v1/operation/update.go:48.2,48.37 1 0
github.com/meetmorrowsolonmars/education-pet-project/internal/api/v1/user/create.go:21.66,23.16 2 3
github.com/meetmorrowsolonmars/education-pet-project/internal/api/v1/user/create.go:23.16,29.3 3 1
github.com/meetmorrowsolonmars/education-pet-project/internal/api/v1/user/create.go:31.2,36.16 2 2
github.com/meetmorrowsolonmars/education-pet-project/internal/api/v1/user/create.go:36.16,42.3 3 1
github.com/meetmorrowsolonmars/education-pet-project/internal/api/v1/user/create.go:44.2,46.4 1 1
github.com/meetmorrowsolonmars/education-pet-project/internal/api/v1/user/get_by_id.go:16.67,20.16 3 4
github.com/meetmorrowsolonmars/education-pet-project/internal/api/v1/user/get_by_id.go:20.16,27.3 3 1
github.com/meetmorrowsolonmars/education-pet-project/internal/api/v1/user/get_by_id.go:29.2,30.39 2 3
github.com/meetmorrowsolonmars/education-pet-project/internal/api/v1/user/get_by_id.go:30.39,36.3 3 1
github.com/meetmorrowsolonmars/education-pet-project/internal/api/v1/user/get_by_id.go:37.2,37.16 1 2
github.com/meetmorrowsolonmars/education-pet-project/internal/api/v1/user/get_by_id.go:37.16,43.3 3 1
github.com/meetmorrowsolonmars/education-pet-project/internal/api/v1/user/get_by_id.go:45.2,52.4 1 1
github.com/meetmorrowsolonmars/education-pet-project/internal/api/v1/user/handler.go:17.72,22.2 1 0
github.com/meetmorrowsolonmars/education-pet-project/internal/api/v1/user/handler.go:28.3,33.2 2 0
github.com/meetmorrowsolonmars/education-pet-project/internal/domain/auth/service.go:19.12,24.2 1 0
github.com/meetmorrowsolonmars/education-pet-project/internal/domain/auth/service.go:26.93,28.39 2 5
github.com/meetmorrowsolonmars/education-pet-project/internal/domain/auth/service.go:28.39,30.3 1 1
github.com/meetmorrowsolonmars/education-pet-project/internal/domain/auth/service.go:31.2,31.16 1 4
github.com/meetmorrowsolonmars/education-pet-project/internal/domain/auth/service.go:31.16,33.3 1 1
github.com/meetmorrowsolonmars/education-pet-project/internal/domain/auth/service.go:35.2,35.35 1 3
github.com/meetmorrowsolonmars/education-pet-project/internal/domain/auth/service.go:35.35,37.3 1 1
github.com/meetmorrowsolonmars/education-pet-project/internal/domain/auth/service.go:39.2,40.16 2 2
github.com/meetmorrowsolonmars/education-pet-project/internal/domain/auth/service.go:40.16,42.3 1 1
github.com/meetmorrowsolonmars/education-pet-project/internal/domain/auth/service.go:44.2,44.19 1 1
github.com/meetmorrowsolonmars/education-pet-project/internal/domain/operation/service.go:24.12,30.2 1 0
github.com/meetmorrowsolonmars/education-pet-project/internal/domain/operation/service.go:32.99,35.16 2 4
github.com/meetmorrowsolonmars/education-pet-project/internal/domain/operation/service.go:35.16,37.3 1 1
github.com/meetmorrowsolonmars/education-pet-project/internal/domain/operation/service.go:39.2,40.16 2 3
github.com/meetmorrowsolonmars/education-pet-project/internal/domain/operation/service.go:40.16,42.3 1 1
github.com/meetmorrowsolonmars/education-pet-project/internal/domain/operation/service.go:44.2,45.16 2 2
github.com/meetmorrowsolonmars/education-pet-project/internal/domain/operation/service.go:45.16,47.3 1 1
github.com/meetmorrowsolonmars/education-pet-project/internal/domain/operation/service.go:49.2,51.23 2 1
github.com/meetmorrowsolonmars/education-pet-project/internal/domain/operation/service.go:54.111,56.16 2 0
github.com/meetmorrowsolonmars/education-pet-project/internal/domain/operation/service.go:56.16,58.3 1 0
github.com/meetmorrowsolonmars/education-pet-project/internal/domain/operation/service.go:60.2,60.12 1 0
github.com/meetmorrowsolonmars/education-pet-project/internal/domain/operation/service.go:63.67,65.16 2 0
github.com/meetmorrowsolonmars/education-pet-project/internal/domain/operation/service.go:65.16,67.3 1 0
github.com/meetmorrowsolonmars/education-pet-project/internal/domain/operation/service.go:69.2,69.12 1 0
github.com/meetmorrowsolonmars/education-pet-project/internal/domain/operation/service.go:77.30,79.16 2 3
github.com/meetmorrowsolonmars/education-pet-project/internal/domain/operation/service.go:79.16,81.3 1 1
github.com/meetmorrowsolonmars/education-pet-project/internal/domain/operation/service.go:83.2,84.16 2 2
github.com/meetmorrowsolonmars/education-pet-project/internal/domain/operation/service.go:84.16,86.3 1 1
github.com/meetmorrowsolonmars/education-pet-project/internal/domain/operation/service.go:88.2,88.24 1 1
github.com/meetmorrowsolonmars/education-pet-project/internal/domain/user/service.go:14.39,18.2 1 0
github.com/meetmorrowsolonmars/education-pet-project/internal/domain/user/service.go:20.84,24.16 3 2
github.com/meetmorrowsolonmars/education-pet-project/internal/domain/user/service.go:24.16,26.3 1 0
github.com/meetmorrowsolonmars/education-pet-project/internal/domain/user/service.go:28.2,29.16 2 2
github.com/meetmorrowsolonmars/education-pet-project/internal/domain/user/service.go:29.16,31.3 1 1
github.com/meetmorrowsolonmars/education-pet-project/internal/domain/user/service.go:33.2,33.18 1 1
github.com/meetmorrowsolonmars/education-pet-project/internal/domain/user/service.go:36.78,38.2 1 0
github.com/meetmorrowsolonmars/education-pet-project/internal/domain/user/service.go:40.85,42.2 1 0
github.com/meetmorrowsolonmars/education-pet-project/internal/provider/postgres/account_store.go:32.54,35.25 1 0
github.com/meetmorrowsolonmars/education-pet-project/internal/provider/postgres/account_store.go:35.25,35.52 1 0
github.com/meetmorrowsolonmars/education-pet-project/internal/provider/postgres/account_store.go:39.98,43.16 3 1
github.com/meetmorrowsolonmars/education-pet-project/internal/provider/postgres/account_store.go:43.16,45.3 1 0
github.com/meetmorrowsolonmars/education-pet-project/internal/provider/postgres/account_store.go:47.2,47.21 1 1
github.com/meetmorrowsolonmars/education-pet-project/internal/provider/postgres/account_store.go:50.86,56.35 4 2
github.com/meetmorrowsolonmars/education-pet-project/internal/provider/postgres/account_store.go:56.35,58.3 1 1
github.com/meetmorrowsolonmars/education-pet-project/internal/provider/postgres/account_store.go:59.2,59.16 1 1
github.com/meetmorrowsolonmars/education-pet-project/internal/provider/postgres/account_store.go:59.16,61.3 1 0
github.com/meetmorrowsolonmars/education-pet-project/internal/provider/postgres/account_store.go:63.2,63.21 1 1
github.com/meetmorrowsolonmars/education-pet-project/internal/provider/postgres/account_store.go:66.104,68.16 2 2
github.com/meetmorrowsolonmars/education-pet-project/internal/provider/postgres/account_store.go:68.16,70.3 1 0
github.com/meetmorrowsolonmars/education-pet-project/internal/provider/postgres/account_store.go:72.2,76.18 3 2
github.com/meetmorrowsolonmars/education-pet-project/internal/provider/postgres/account_store.go:76.18,80.17 3 2
github.com/meetmorrowsolonmars/education-pet-project/internal/provider/postgres/account_store.go:80.17,82.4 1 0
github.com/meetmorrowsolonmars/education-pet-project/internal/provider/postgres/account_store.go:84.3,84.39 1 2
github.com/meetmorrowsolonmars/education-pet-project/internal/provider/postgres/account_store.go:87.2,87.23 1 2
github.com/meetmorrowsolonmars/education-pet-project/internal/provider/postgres/account_store.go:87.23,89.3 1 0
github.com/meetmorrowsolonmars/education-pet-project/internal/provider/postgres/account_store.go:91.2,91.22 1 2
github.com/meetmorrowsolonmars/education-pet-project/internal/provider/postgres/operation_store.go:39.58,42.36 1 0
github.com/meetmorrowsolonmars/education-pet-project/internal/provider/postgres/operation_store.go:42.36,42.59 1 0
github.com/meetmorrowsolonmars/education-pet-project/internal/provider/postgres/operation_store.go:43.27,43.54 1 0
github.com/meetmorrowsolonmars/education-pet-project/internal/provider/postgres/operation_store.go:47.106,49.16 2 1
github.com/meetmorrowsolonmars/education-pet-project/internal/provider/postgres/operation_store.go:49.16,51.3 1 0
github.com/meetmorrowsolonmars/education-pet-project/internal/provider/postgres/operation_store.go:53.2,67.16 4 1
github.com/meetmorrowsolonmars/education-pet-project/internal/provider/postgres/operation_store.go:67.16,69.3 1 0
github.com/meetmorrowsolonmars/education-pet-project/internal/provider/postgres/operation_store.go:71.2,71.23 1 1
github.com/meetmorrowsolonmars/education-pet-project/internal/provider/postgres/operation_store.go:74.118,76.16 2 2
github.com/meetmorrowsolonmars/education-pet-project/internal/provider/postgres/operation_store.go:76.16,78.3 1 0
github.com/meetmorrowsolonmars/education-pet-project/internal/provider/postgres/operation_store.go:80.2,80.32 1 2
github.com/meetmorrowsolonmars/education-pet-project/internal/provider/postgres/operation_store.go:80.32,82.3 1 1
github.com/meetmorrowsolonmars/education-pet-project/internal/provider/postgres/operation_store.go:84.2,84.12 1 1
github.com/meetmorrowsolonmars/education-pet-project/internal/provider/postgres/operation_store.go:87.74,89.16 2 0
github.com/meetmorrowsolonmars/education-pet-project/internal/provider/postgres/operation_store.go:89.16,91.3 1 0
github.com/meetmorrowsolonmars/education-pet-project/internal/provider/postgres/operation_store.go:93.2,93.32 1 0
github.com/meetmorrowsolonmars/education-pet-project/internal/provider/postgres/operation_store.go:93.32,95.3 1 0
github.com/meetmorrowsolonmars/education-pet-project/internal/provider/postgres/operation_store.go:97.2,97.12 1 0
github.com/meetmorrowsolonmars/education-pet-project/internal/provider/postgres/operation_store.go:105.30,107.16 2 0
github.com/meetmorrowsolonmars/education-pet-project/internal/provider/postgres/operation_store.go:107.16,109.3 1 0
github.com/meetmorrowsolonmars/education-pet-project/internal/provider/postgres/operation_store.go:111.2,115.18 3 0
github.com/meetmorrowsolonmars/education-pet-project/internal/provider/postgres/operation_store.go:115.18,127.17 3 0
github.com/meetmorrowsolonmars/education-pet-project/internal/provider/postgres/operation_store.go:127.17,129.4 1 0
github.com/meetmorrowsolonmars/education-pet-project/internal/provider/postgres/operation_store.go:131.3,131.45 1 0
github.com/meetmorrowsolonmars/education-pet-project/internal/provider/postgres/operation_store.go:134.2,135.16 2 0
github.com/meetmorrowsolonmars/education-pet-project/internal/provider/postgres/operation_store.go:135.16,137.3 1 0
github.com/meetmorrowsolonmars/education-pet-project/internal/provider/postgres/operation_store.go:139.2,139.24 1 0
github.com/meetmorrowsolonmars/education-pet-project/internal/provider/postgres/user_store.go:33.48,36.25 1 0
github.com/meetmorrowsolonmars/education-pet-project/internal/provider/postgres/user_store.go:36.25,36.52 1 0
github.com/meetmorrowsolonmars/education-pet-project/internal/provider/postgres/user_store.go:40.86,41.56 1 1
github.com/meetmorrowsolonmars/education-pet-project/internal/provider/postgres/user_store.go:41.56,46.17 4 1
github.com/meetmorrowsolonmars/education-pet-project/internal/provider/postgres/user_store.go:46.17,48.4 1 0
github.com/meetmorrowsolonmars/education-pet-project/internal/provider/postgres/user_store.go:50.3,51.17 2 1
github.com/meetmorrowsolonmars/education-pet-project/internal/provider/postgres/user_store.go:51.17,53.4 1 0
github.com/meetmorrowsolonmars/education-pet-project/internal/provider/postgres/user_store.go:55.3,55.13 1 1
github.com/meetmorrowsolonmars/education-pet-project/internal/provider/postgres/user_store.go:57.2,57.16 1 1
github.com/meetmorrowsolonmars/education-pet-project/internal/provider/postgres/user_store.go:57.16,59.3 1 0
github.com/meetmorrowsolonmars/education-pet-project/internal/provider/postgres/user_store.go:61.2,61.18 1 1
github.com/meetmorrowsolonmars/education-pet-project/internal/provider/postgres/user_store.go:64.80,70.35 4 2
github.com/meetmorrowsolonmars/education-pet-project/internal/provider/postgres/user_store.go:70.35,72.3 1 1
github.com/meetmorrowsolonmars/education-pet-project/internal/provider/postgres/user_store.go:73.2,73.16 1 1
github.com/meetmorrowsolonmars/education-pet-project/internal/provider/postgres/user_store.go:73.16,75.3 1 0
github.com/meetmorrowsolonmars/education-pet-project/internal/provider/postgres/user_store.go:77.2,77.18 1 1
github.com/meetmorrowsolonmars/education-pet-project/internal/provider/postgres/user_store.go:80.87,86.35 4 2
github.com/meetmorrowsolonmars/education-pet-project/internal/provider/postgres/user_store.go:86.35,88.3 1 1
github.com/meetmorrowsolonmars/education-pet-project/internal/provider/postgres/user_store.go:89.2,89.16 1 1
github.com/meetmorrowsolonmars/education-pet-project/internal/provider/postgres/user_store.go:89.16,91.3 1 0
github.com/meetmorrowsolonmars/education-pet-project/internal/provider/postgres/user_store.go:93.2,93.18 1 1
